[eecsonline.com/index.html]
[backblue.gif]
[fade.gif]
[index.html]
[eecsonline.com/css/owl.carousel.css]
[eecsonline.com/css/font-awesome.min.css]
[eecsonline.com/css/bootstrap.min.css]
[eecsonline.com/css/animate.css]
[eecsonline.com/css/camera.css]
[eecsonline.com/css/venobox.css]
[eecsonline.com/style.css]
[eecsonline.com/css/responsive.css]
[eecsonline.com/images/favicon.png]
[eecsonline.com/faq.html]
[eecsonline.com/contact.html]
[eecsonline.com/images/logo.png]
[eecsonline.com/about_us.html]
[eecsonline.com/services.html]
[eecsonline.com/images/service1.jpg]
[eecsonline.com/single_service.html]
[eecsonline.com/images/service2.jpg]
[eecsonline.com/images/service3.jpg]
[eecsonline.com/images/blog1.jpg]
[eecsonline.com/images/blog2.jpg]
[eecsonline.com/images/blog3.jpg]
[eecsonline.com/images/testimonial1.png]
[eecsonline.com/images/testimonial2.png]
[eecsonline.com/images/partner1.png]
[eecsonline.com/images/partner2.png]
[eecsonline.com/images/footer_logo.png]
[eecsonline.com/js/jquery-1.12.3.js]
[eecsonline.com/js/bootstrap.min.js]
[eecsonline.com/js/jquery.easing1.3.js]
[eecsonline.com/js/owl.carousel.min.js]
[eecsonline.com/js/venobox.min.js]
[eecsonline.com/js/isotope.js]
[eecsonline.com/js/packery.js]
[eecsonline.com/js/waypoints.min.js]
[eecsonline.com/js/jqury.smooth-scroll.min.js]
[eecsonline.com/js/jquery.camera.min.js]
[eecsonline.com/js/jquery.counterup.js]
[eecsonline.com/js/main.js]
[eecsonline.com/alerts-boxes/js/sweetalert.min.js]
[eecsonline.com/index.html]
[eecsonline.com/track5445.html]
[eecsonline.com/css/owl.video.play.png]
[eecsonline.com/css/owl.carousel.css]
[eecsonline.com/fonts/fontawesome-webfont3e6e3e6e3e6e.eot]
[eecsonline.com/fonts/fontawesome-webfont3e6e3e6e3e6e.woff2]
[eecsonline.com/fonts/fontawesome-webfontd41dd41dd41d.eot]
[eecsonline.com/fonts/fontawesome-webfont3e6e3e6e3e6e.woff]
[eecsonline.com/fonts/fontawesome-webfont3e6e3e6e3e6e.ttf]
[eecsonline.com/css/font-awesome.min.css]
[eecsonline.com/fonts/fontawesome-webfont3e6e3e6e3e6e.svg]
[eecsonline.com/fonts/glyphicons-halflings-regulard41dd41dd41d.html]
[eecsonline.com/fonts/glyphicons-halflings-regular-2.html]
[eecsonline.com/fonts/glyphicons-halflings-regular-3.html]
[eecsonline.com/fonts/glyphicons-halflings-regular-4.html]
[eecsonline.com/fonts/glyphicons-halflings-regular-5.html]
[eecsonline.com/css/bootstrap.min.css]
[eecsonline.com/css/animate.css]
[eecsonline.com/images/blank.html]
[eecsonline.com/images/camera-loader.gif]
[eecsonline.com/images/patterns/overlay1.png]
[eecsonline.com/images/patterns/overlay3.html]
[eecsonline.com/images/patterns/overlay4.html]
[eecsonline.com/images/patterns/overlay5.html]
[eecsonline.com/images/patterns/overlay6.html]
[eecsonline.com/images/patterns/overlay7.html]
[eecsonline.com/images/patterns/overlay8.html]
[eecsonline.com/images/patterns/overlay9.html]
[eecsonline.com/images/patterns/overlay10.html]
[eecsonline.com/css/camera.css]
[eecsonline.com/images/venobox/imapreload-circle.html]
[eecsonline.com/images/venobox/close.gif]
[eecsonline.com/images/venobox/prev.gif]
[eecsonline.com/images/venobox/next.gif]
[eecsonline.com/css/venobox.css]
[eecsonline.com/fonts/Lato-Medium.ttf]
[eecsonline.com/fonts/Montserrat-Medium.otf]
[eecsonline.com/fonts/Lato-Semibold.ttf]
[eecsonline.com/images/feature_img.jpg]
[eecsonline.com/images/bread_bg.jpg]
[eecsonline.com/images/blog_bg.jpg]
[eecsonline.com/images/blog_underline.png]
[eecsonline.com/images/mission_img.jpg]
[eecsonline.com/images/vision_img.jpg]
[eecsonline.com/images/counter_bg.jpg]
[eecsonline.com/images/team_bg.jpg]
[eecsonline.com/images/service_aboutbg.jpg]
[eecsonline.com/style.css]
[eecsonline.com/css/responsive.css]
[eecsonline.com/index-2.html]
[eecsonline.com/faq.html]
[eecsonline.com/css/datepicker.min.css]
[eecsonline.com/index-3.html]
[eecsonline.com/contact.html]
[eecsonline.com/images/about_us_img.jpg]
[eecsonline.com/about_us.html]
[eecsonline.com/services.html]
[eecsonline.com/single_service.html]
[eecsonline.com/single_news.html]
[www.w3schools.com/w3css/4/w3.css]
[unpkg.com/leaflet@1.3.1/dist/leaflet.css]
[unpkg.com/leaflet@1.3.1/dist/leaflet.js]
[translate.google.com/translate_a/elementa0d8.js]
[eecsonline.com/track5445.html]
[eecsonline.com/fonts/fontawesome-webfont3e6e3e6e3e6e.svg]
[eecsonline.com/fonts/glyphicons-halflings-regular.html]
[eecsonline.com/fonts/glyphicons-halflings-regulard41dd41dd41d.html]
[eecsonline.com/fonts/glyphicons-halflings-regular-2.html]
[eecsonline.com/fonts/glyphicons-halflings-regular-3.html]
[eecsonline.com/fonts/glyphicons-halflings-regular-4.html]
[eecsonline.com/fonts/glyphicons-halflings-regular-5.html]
[eecsonline.com/images/blank.html]
[eecsonline.com/images/camera_skins.html]
[eecsonline.com/images/patterns/overlay2.html]
[eecsonline.com/images/patterns/overlay3.html]
[eecsonline.com/images/patterns/overlay4.html]
[eecsonline.com/images/patterns/overlay5.html]
[eecsonline.com/images/patterns/overlay6.html]
[eecsonline.com/images/patterns/overlay7.html]
[eecsonline.com/images/patterns/overlay8.html]
[eecsonline.com/images/patterns/overlay9.html]
[eecsonline.com/images/patterns/overlay10.html]
[eecsonline.com/images/venobox/imapreload-circle.html]
[eecsonline.com/contact-2.html]
[eecsonline.com/index-2.html]
[eecsonline.com/contcat.html]
[eecsonline.com/translate.google.com/translate_a/elementa0d8a0d8.html]
[eecsonline.com/css/datepicker.min.css]
[eecsonline.com/index.php/index.html]
[eecsonline.com/index-3.html]
[www.w3schools.com/w3css/4/w3.css]
[unpkg.com/leaflet@1.3.1/dist/images/layers-2x.png]
[unpkg.com/leaflet@1.3.1/dist/images/marker-icon.png]
[unpkg.com/leaflet@1.3.1/dist/leaflet.css]
[eecsonline.com/faq-2.html]
[eecsonline.com/index-4.html]
[eecsonline.com/boss-man/assets/images/uploads/index.html]
[eecsonline.com/js/bouncemarker.html]
[tile.openstreetmap.org/{z}/{x}/{y}.html]
[code.tidio.co_443/zlxt2g97r5sij4tkklyaprdv5stpewez.js]
[unpkg.com/leaflet@1.3.1/dist/images/layers.png]
